1.547: [GC1.547: [ParNew: 69952K->8081K(78656K), 0.0130110 secs] 69952K->8081K(253440K), 0.0131310 secs] [Times: user=0.05 sys=0.00, real=0.01 secs] 
3.154: [GC3.154: [ParNew: 78033K->7957K(78656K), 0.0332580 secs] 78033K->10793K(253440K), 0.0333360 secs] [Times: user=0.08 sys=0.00, real=0.03 secs] 
4.398: [GC4.398: [ParNew: 77909K->8107K(78656K), 0.0458470 secs] 80745K->15232K(253440K), 0.0459390 secs] [Times: user=0.11 sys=0.00, real=0.04 secs] 
7.892: [GC7.892: [ParNew: 78059K->8137K(78656K), 0.0165810 secs] 85184K->19043K(253440K), 0.0166760 secs] [Times: user=0.06 sys=0.00, real=0.02 secs] 
8.407: [Full GC8.407: [CMS: 10905K->16559K(174784K), 0.1070020 secs] 54872K->16559K(253440K), [CMS Perm : 20511K->20504K(81920K)], 0.1071400 secs] [Times: user=0.09 sys=0.01, real=0.11 secs] 
Heap
 par new generation   total 78720K, used 2519K [0x00000000b0000000, 0x00000000b5560000, 0x00000000c5550000)
  eden space 70016K,   3% used [0x00000000b0000000, 0x00000000b0275c08, 0x00000000b4460000)
  from space 8704K,   0% used [0x00000000b4460000, 0x00000000b4460000, 0x00000000b4ce0000)
  to   space 8704K,   0% used [0x00000000b4ce0000, 0x00000000b4ce0000, 0x00000000b5560000)
 concurrent mark-sweep generation total 174784K, used 16559K [0x00000000c5550000, 0x00000000d0000000, 0x00000000f0000000)
 concurrent-mark-sweep perm gen total 81920K, used 20504K [0x00000000f0000000, 0x00000000f5000000, 0x0000000100000000)
